---
source: crates/fossil-ide/tests/semantic_tokens.rs
expression: render(FIXTURE)
---
 0:0  len=19 comment
 1:0  len=6  keyword
 1:7  len=2  variable
 1:11 len=22 namespace
 3:0  len=5  variable
 3:6  len=2  operator
 3:9  len=2  variable
 3:12 len=3  property
 3:16 len=11 string
 5:0  len=4  variable
 5:7  len=2  namespace
 5:10 len=6  namespace
 5:17 len=4  keyword
 5:22 len=5  variable
 6:4  len=2  namespace
 6:7  len=4  namespace
 6:12 len=1  operator
 6:14 len=5  function
 6:21 len=4  property
 7:4  len=2  namespace
 7:7  len=3  namespace
 7:11 len=1  operator
 7:14 len=3  property
