---
source: crates/fossil-ide/tests/semantic_tokens.rs
expression: render(FIXTURE)
---
 0:0  len=19 comment
 1:0  len=4  keyword
 1:7  len=6  type+declaration
 1:16 len=2  operator
 1:19 len=2  namespace
 1:22 len=4  function
 1:27 len=1  string
 1:28 len=7  namespace
 1:35 len=13 string
 3:0  len=5  variable+declaration
 3:6  len=2  operator
 3:9  len=2  namespace
 3:12 len=3  function
 3:16 len=11 string
 3:29 len=9  parameter
 3:39 len=1  operator
 3:41 len=3  string
 4:0  len=6  variable+declaration
 4:7  len=2  operator
 4:10 len=5  variable
 4:16 len=5  function
 4:22 len=5  variable
 4:28 len=3  property
 4:32 len=2  operator
 4:35 len=2  number
 6:0  len=4  variable+declaration
 6:7  len=6  type
 6:14 len=4  keyword
 6:19 len=6  variable
 7:4  len=8  keyword
 7:13 len=1  operator
 7:15 len=1  string
 7:16 len=22 string
 7:38 len=1  operator
 7:39 len=5  variable
 7:45 len=2  property
 7:47 len=1  operator
 7:48 len=1  string
 8:4  len=4  property
 8:9  len=1  operator
 8:11 len=3  type
 8:15 len=5  function
 8:21 len=5  variable
 8:27 len=4  property
 9:4  len=6  property
 9:11 len=1  operator
 9:13 len=6  type
 9:20 len=5  variable
 9:26 len=9  property
10:4  len=3  property
10:8  len=1  operator
10:10 len=2  number
