---
source: crates/fossil-ide/tests/semantic_tokens.rs
expression: render(FIXTURE)
---
 0:0  len=19 comment
 1:0  len=4  variable
 1:7  len=6  variable
 1:16 len=2  operator
 1:19 len=2  variable
 1:22 len=4  property
 1:27 len=13 string
 3:0  len=5  variable
 3:6  len=2  operator
 3:9  len=2  variable
 3:12 len=3  property
 3:16 len=11 string
 5:0  len=4  variable
 5:7  len=6  variable
 5:14 len=4  keyword
 5:19 len=5  variable
 6:4  len=8  keyword
 6:13 len=1  operator
 6:15 len=1  string
 6:16 len=22 string
 6:38 len=1  operator
 6:39 len=5  variable
 6:45 len=2  property
 6:47 len=1  operator
 6:48 len=1  string
 7:4  len=4  variable
 7:9  len=1  operator
 7:11 len=5  function
 7:17 len=5  variable
 7:23 len=4  property
 8:4  len=3  variable
 8:8  len=1  operator
 8:10 len=2  number
