---
source: crates/fossil-hir/tests/diagnostic_corpus.rs
expression: "run_csvw_fixture(\"csvw_forward_propagation\", \"missing_descriptor\")"
---
# mode: Db-wired (production typecheck_mapping query)
# bucket: csvw_forward_propagation
Error: cannot read CSVW schema `descriptor.csvw.json` for source `users`: file not found: <FIXTURE>/tests/fixtures/diagnostics/csvw_forward_propagation/missing_descriptor/descriptor.csvw.json
  at 0..0
