---
source: crates/fossil-hir/tests/diagnostic_corpus.rs
expression: "run_db_wired_fixture(\"implicit_closure_synthesis\", \"field_typo\")"
---
# mode: Db-wired (production typecheck_mapping query)
# bucket: implicit_closure_synthesis
Error: unknown column `aeg` on `users` — did you mean `age`?
  at 85..94
