---
source: crates/fossil-hir/tests/diagnostic_corpus.rs
expression: "run_csvw_fixture(\"implicit_closure_synthesis\", \"type_mismatch_inside_body\")"
---
# mode: Db-wired (production typecheck_mapping query)
# bucket: implicit_closure_synthesis
Error: D-CSVW-DEPRECATED: explicit CSVW descriptor for source `users` is deprecated; types will be inferred from the file directly. Remove the `schema = "..."` argument.
  at 0..0
