---
source: crates/fossil-mir/tests/rewrite_rules.rs
expression: "format!(\"{:#?}\", rewritten.ops(&db))"
---
[
    Source {
        uri: "users.csv",
        format: Csv,
        row_type: Ty(
            Id(401),
        ),
    },
    Extend {
        input: 3,
        field: "full_name",
        expr: ColRef {
            source: "",
            column: "name",
        },
    },
    Sink {
        input: 1,
        sink: GraphAr,
    },
    Project {
        input: 0,
        cols: [
            "id",
        ],
    },
]
