---
source: crates/fossil-codegen/tests/codegen_calls.rs
expression: sql_for(13)
---
CREATE VIEW users AS
SELECT * FROM read_csv_auto('examples/users.csv', sample_size=-1);
COPY (
    SELECT
        users.id AS subject,
        'https://example.org/value' AS predicate,
        fossil_unicode_norm(users.raw, 'NFC') AS object
    FROM users
) TO 'output.parquet' (FORMAT PARQUET);
